// Jest Snapshot v1, https://goo.gl/fbAQLP

exports[`pbehavior-planning-calendar Renders \`pbehavior-planning-calendar\` with required props 1`] = `
<div
  class="fill-height"
>
  <div
    class="c-calendar"
    color="primary"
    events=""
    timezone="Europe/Paris"
  >
    <pbehavior-create-event-stub
      defaultname=""
      event="[object Object]"
      timezone="Europe/Paris"
    />
    <pbehavior-planning-calendar-legend-stub
      exceptiontypes=""
    />
  </div>
</div>
`;
